分类: 📺央视频道, 名称: CCTV-2, 有效: 5, IPv4: 46, IPv6: 0, 最小延迟: 329 ms, 最高速率: 9.35 M/s, 平均速率: 2.69 M/s, 最高分辨率: 1920x1080, 平均帧率: 25.00, 视频编解码器: h264, 音频编解码器: aac
分类: 📺央视频道, 名称: CCTV-3, 有效: 5, IPv4: 41, IPv6: 0, 最小延迟: 536 ms, 最高速率: 8.35 M/s, 平均速率: 3.11 M/s, 最高分辨率: 1920x1080, 平均帧率: 未知, 视频编解码器: 未知, 音频编解码器: 未知
分类: 📺央视频道, 名称: CCTV-1, 有效: 4, IPv4: 45, IPv6: 0, 最小延迟: 515 ms, 最高速率: 6.24 M/s, 平均速率: 1.99 M/s, 最高分辨率: 1920x1080, 平均帧率: 31.25, 视频编解码器: h264, 音频编解码器: aac
分类: 📺央视频道, 名称: CCTV-5, 有效: 5, IPv4: 43, IPv6: 0, 最小延迟: 536 ms, 最高速率: 4.99 M/s, 平均速率: 1.58 M/s, 最高分辨率: 1280x720, 平均帧率: 25.00, 视频编解码器: h264, 音频编解码器: aac
分类: 📺央视频道, 名称: CCTV-4, 有效: 4, IPv4: 51, IPv6: 0, 最小延迟: 295 ms, 最高速率: 3.43 M/s, 平均速率: 2.79 M/s, 最高分辨率: 1920x1080, 平均帧率: 37.50, 视频编解码器: h264, 音频编解码器: aac
分类: 📺央视频道, 名称: CCTV-6, 有效: 5, IPv4: 42, IPv6: 0, 最小延迟: 317 ms, 最高速率: 3.82 M/s, 平均速率: 3.50 M/s, 最高分辨率: 1280x720, 平均帧率: 未知, 视频编解码器: 未知, 音频编解码器: 未知
分类: 📺央视频道, 名称: CCTV-5+, 有效: 1, IPv4: 23, IPv6: 0, 最小延迟: 1080 ms, 最高速率: 0.30 M/s, 平均速率: 0.30 M/s, 最高分辨率: 1920x1080, 平均帧率: 未知, 视频编解码器: 未知, 音频编解码器: 未知
分类: 📺央视频道, 名称: CCTV-7, 有效: 4, IPv4: 35, IPv6: 0, 最小延迟: 612 ms, 最高速率: 7.94 M/s, 平均速率: 2.66 M/s, 最高分辨率: 1920x1080, 平均帧率: 31.25, 视频编解码器: h264, 音频编解码器: aac
分类: 📺央视频道, 名称: CCTV-8, 有效: 5, IPv4: 40, IPv6: 0, 最小延迟: 1043 ms, 最高速率: 1.63 M/s, 平均速率: 0.68 M/s, 最高分辨率: 1920x1080, 平均帧率: 37.50, 视频编解码器: h264, 音频编解码器: aac
分类: 📺央视频道, 名称: CCTV-9, 有效: 5, IPv4: 38, IPv6: 0, 最小延迟: 759 ms, 最高速率: 2.81 M/s, 平均速率: 1.47 M/s, 最高分辨率: 1920x1080, 平均帧率: 37.50, 视频编解码器: h264, 音频编解码器: aac
分类: 📺央视频道, 名称: CCTV-10, 有效: 5, IPv4: 37, IPv6: 0, 最小延迟: 317 ms, 最高速率: 3.21 M/s, 平均速率: 1.71 M/s, 最高分辨率: 1920x1080, 平均帧率: 50.00, 视频编解码器: h264, 音频编解码器: mp2
分类: 📺央视频道, 名称: CCTV-11, 有效: 5, IPv4: 36, IPv6: 0, 最小延迟: 351 ms, 最高速率: 3.30 M/s, 平均速率: 2.08 M/s, 最高分辨率: 1920x1080, 平均帧率: 未知, 视频编解码器: 未知, 音频编解码器: 未知
分类: 📺央视频道, 名称: CCTV-12, 有效: 5, IPv4: 34, IPv6: 0, 最小延迟: 565 ms, 最高速率: 2.19 M/s, 平均速率: 1.45 M/s, 最高分辨率: 1280x720, 平均帧率: 25.00, 视频编解码器: h264, 音频编解码器: aac
分类: 📺央视频道, 名称: CCTV-14, 有效: 5, IPv4: 35, IPv6: 0, 最小延迟: 1022 ms, 最高速率: 0.87 M/s, 平均速率: 0.64 M/s, 最高分辨率: 1280x720, 平均帧率: 未知, 视频编解码器: 未知, 音频编解码器: 未知
分类: 📺央视频道, 名称: CCTV-15, 有效: 5, IPv4: 38, IPv6: 0, 最小延迟: 1010 ms, 最高速率: 0.66 M/s, 平均速率: 0.52 M/s, 最高分辨率: 1280x720, 平均帧率: 未知, 视频编解码器: 未知, 音频编解码器: 未知
分类: 📺央视频道, 名称: CCTV-13, 有效: 3, IPv4: 34, IPv6: 0, 最小延迟: 364 ms, 最高速率: 5.03 M/s, 平均速率: 3.37 M/s, 最高分辨率: 1920x1080, 平均帧率: 35.00, 视频编解码器: h264, 音频编解码器: aac
分类: 📺央视频道, 名称: CCTV-16, 有效: 3, IPv4: 15, IPv6: 0, 最小延迟: 478 ms, 最高速率: 8.68 M/s, 平均速率: 4.26 M/s, 最高分辨率: 1920x1080, 平均帧率: 25.00, 视频编解码器: h264, 音频编解码器: aac
分类: 📺央视频道, 名称: CETV-1, 有效: 5, IPv4: 41, IPv6: 0, 最小延迟: 847 ms, 最高速率: 4.97 M/s, 平均速率: 2.26 M/s, 最高分辨率: 1920x1080, 平均帧率: 未知, 视频编解码器: 未知, 音频编解码器: 未知
分类: 📺央视频道, 名称: CCTV-17, 有效: 4, IPv4: 26, IPv6: 0, 最小延迟: 41 ms, 最高速率: 133.05 M/s, 平均速率: 66.79 M/s, 最高分辨率: 1920x1080, 平均帧率: 26.67, 视频编解码器: h264, 音频编解码器: aac
分类: 📺央视频道, 名称: CETV-3, 有效: 2, IPv4: 5, IPv6: 0, 最小延迟: 619 ms, 最高速率: 4.28 M/s, 平均速率: 4.18 M/s, 最高分辨率: 1280x720, 平均帧率: 25.00, 视频编解码器: h264, 音频编解码器: aac
分类: 📺央视频道, 名称: CETV-4, 有效: 3, IPv4: 32, IPv6: 0, 最小延迟: 335 ms, 最高速率: 9.21 M/s, 平均速率: 3.61 M/s, 最高分辨率: 1280x720, 平均帧率: 25.00, 视频编解码器: h264, 音频编解码器: aac
分类: 📺央视频道, 名称: CETV-2, 有效: 4, IPv4: 33, IPv6: 0, 最小延迟: 1212 ms, 最高速率: 2.87 M/s, 平均速率: 1.84 M/s, 最高分辨率: 1280x720, 平均帧率: 25.00, 视频编解码器: h264, 音频编解码器: aac
分类: 💰央视付费频道, 名称: 央视台球, 有效: 2, IPv4: 3, IPv6: 0, 最小延迟: 455 ms, 最高速率: 8.46 M/s, 平均速率: 4.99 M/s, 最高分辨率: 1920x1080, 平均帧率: 未知, 视频编解码器: 未知, 音频编解码器: 未知
分类: 💰央视付费频道, 名称: 文化精品, 有效: 1, IPv4: 6, IPv6: 0, 最小延迟: 36 ms, 最高速率: 144.57 M/s, 平均速率: 144.57 M/s, 最高分辨率: 1920x1080, 平均帧率: 未知, 视频编解码器: 未知, 音频编解码器: 未知
分类: 💰央视付费频道, 名称: 第一剧场, 有效: 5, IPv4: 18, IPv6: 0, 最小延迟: 48 ms, 最高速率: 116.56 M/s, 平均速率: 44.17 M/s, 最高分辨率: 1920x1080, 平均帧率: 未知, 视频编解码器: 未知, 音频编解码器: 未知
分类: 💰央视付费频道, 名称: 风云音乐, 有效: 5, IPv4: 11, IPv6: 0, 最小延迟: 40 ms, 最高速率: 126.07 M/s, 平均速率: 46.02 M/s, 最高分辨率: 1920x1080, 平均帧率: 60.00, 视频编解码器: h264, 音频编解码器: aac
分类: 💰央视付费频道, 名称: 风云剧场, 有效: 4, IPv4: 9, IPv6: 0, 最小延迟: 61 ms, 最高速率: 95.27 M/s, 平均速率: 26.88 M/s, 最高分辨率: 1920x1080, 平均帧率: 未知, 视频编解码器: 未知, 音频编解码器: 未知
分类: 💰央视付费频道, 名称: 怀旧剧场, 有效: 4, IPv4: 10, IPv6: 0, 最小延迟: 34 ms, 最高速率: 134.85 M/s, 平均速率: 63.36 M/s, 最高分辨率: 1920x1080, 平均帧率: 未知, 视频编解码器: 未知, 音频编解码器: 未知
分类: 💰央视付费频道, 名称: 女性时尚, 有效: 3, IPv4: 7, IPv6: 0, 最小延迟: 338 ms, 最高速率: 6.83 M/s, 平均速率: 5.15 M/s, 最高分辨率: 1920x1080, 平均帧率: 60.00, 视频编解码器: h264, 音频编解码器: aac
分类: 💰央视付费频道, 名称: 高尔夫网球, 有效: 3, IPv4: 6, IPv6: 0, 最小延迟: 419 ms, 最高速率: 4.89 M/s, 平均速率: 2.26 M/s, 最高分辨率: 1920x1080, 平均帧率: 42.50, 视频编解码器: h264, 音频编解码器: aac
分类: 💰央视付费频道, 名称: 电视指南, 有效: 1, IPv4: 3, IPv6: 0, 最小延迟: 1105 ms, 最高速率: 1.98 M/s, 平均速率: 1.98 M/s, 最高分辨率: 1920x1080, 平均帧率: 未知, 视频编解码器: 未知, 音频编解码器: 未知
分类: 💰央视付费频道, 名称: 世界地理, 有效: 2, IPv4: 3, IPv6: 0, 最小延迟: 2690 ms, 最高速率: 1.99 M/s, 平均速率: 1.89 M/s, 最高分辨率: 1920x1080, 平均帧率: 未知, 视频编解码器: 未知, 音频编解码器: 未知
分类: 💰央视付费频道, 名称: 风云足球, 有效: 2, IPv4: 4, IPv6: 0, 最小延迟: 1094 ms, 最高速率: 3.24 M/s, 平均速率: 1.91 M/s, 最高分辨率: 1920x1080, 平均帧率: 50.00, 视频编解码器: h264, 音频编解码器: aac
分类: 💰央视付费频道, 名称: 兵器科技, 有效: 5, IPv4: 7, IPv6: 0, 最小延迟: 36 ms, 最高速率: 138.24 M/s, 平均速率: 55.60 M/s, 最高分辨率: 1920x1080, 平均帧率: 25.00, 视频编解码器: h264, 音频编解码器: aac
分类: 📡卫视频道, 名称: 香港卫视, 有效: 0, IPv4: 1, IPv6: 0, 最小延迟: -1 ms, 最高速率: 0.00 M/s, 平均速率: 0.00 M/s, 最高分辨率: None, 平均帧率: 未知, 视频编解码器: 未知, 音频编解码器: 未知
分类: 📡卫视频道, 名称: 广东卫视, 有效: 4, IPv4: 33, IPv6: 0, 最小延迟: 83 ms, 最高速率: 184.47 M/s, 平均速率: 50.44 M/s, 最高分辨率: 1920x1080, 平均帧率: 25.00, 视频编解码器: h264, 音频编解码器: aac
分类: 📡卫视频道, 名称: 湖南卫视, 有效: 5, IPv4: 35, IPv6: 0, 最小延迟: 32 ms, 最高速率: 36.73 M/s, 平均速率: 10.86 M/s, 最高分辨率: 3840x2160, 平均帧率: 未知, 视频编解码器: 未知, 音频编解码器: 未知
分类: 📡卫视频道, 名称: 浙江卫视, 有效: 3, IPv4: 29, IPv6: 0, 最小延迟: 1073 ms, 最高速率: 3.82 M/s, 平均速率: 2.46 M/s, 最高分辨率: 1920x1080, 平均帧率: 25.00, 视频编解码器: h264, 音频编解码器: aac
分类: 📡卫视频道, 名称: 湖北卫视, 有效: 5, IPv4: 32, IPv6: 0, 最小延迟: 690 ms, 最高速率: 6.96 M/s, 平均速率: 4.22 M/s, 最高分辨率: 1920x1080, 平均帧率: 未知, 视频编解码器: 未知, 音频编解码器: 未知
分类: 📡卫视频道, 名称: 北京卫视, 有效: 3, IPv4: 32, IPv6: 0, 最小延迟: 980 ms, 最高速率: 3.99 M/s, 平均速率: 2.67 M/s, 最高分辨率: 1920x1080, 平均帧率: 42.50, 视频编解码器: h264, 音频编解码器: aac
分类: 📡卫视频道, 名称: 安徽卫视, 有效: 5, IPv4: 28, IPv6: 0, 最小延迟: 274 ms, 最高速率: 2.39 M/s, 平均速率: 1.45 M/s, 最高分辨率: 1920x1080, 平均帧率: 未知, 视频编解码器: 未知, 音频编解码器: 未知
分类: 📡卫视频道, 名称: 黑龙江卫视, 有效: 4, IPv4: 24, IPv6: 0, 最小延迟: 351 ms, 最高速率: 2.92 M/s, 平均速率: 2.15 M/s, 最高分辨率: 1920x1080, 平均帧率: 未知, 视频编解码器: 未知, 音频编解码器: 未知
分类: 📡卫视频道, 名称: 东方卫视, 有效: 5, IPv4: 32, IPv6: 0, 最小延迟: 651 ms, 最高速率: 3.89 M/s, 平均速率: 2.51 M/s, 最高分辨率: 1920x1080, 平均帧率: 25.00, 视频编解码器: h264, 音频编解码器: aac
分类: 📡卫视频道, 名称: 重庆卫视, 有效: 4, IPv4: 31, IPv6: 0, 最小延迟: 1101 ms, 最高速率: 0.96 M/s, 平均速率: 0.78 M/s, 最高分辨率: 1920x1080, 平均帧率: 未知, 视频编解码器: 未知, 音频编解码器: 未知
分类: 📡卫视频道, 名称: 东南卫视, 有效: 4, IPv4: 23, IPv6: 0, 最小延迟: 1055 ms, 最高速率: 1.76 M/s, 平均速率: 1.00 M/s, 最高分辨率: 1920x1080, 平均帧率: 25.00, 视频编解码器: h264, 音频编解码器: aac
分类: 📡卫视频道, 名称: 贵州卫视, 有效: 5, IPv4: 27, IPv6: 0, 最小延迟: 32 ms, 最高速率: 151.00 M/s, 平均速率: 34.72 M/s, 最高分辨率: 1920x1080, 平均帧率: 未知, 视频编解码器: 未知, 音频编解码器: 未知
分类: 📡卫视频道, 名称: 甘肃卫视, 有效: 3, IPv4: 15, IPv6: 0, 最小延迟: 520 ms, 最高速率: 7.78 M/s, 平均速率: 6.64 M/s, 最高分辨率: 1920x1080, 平均帧率: 未知, 视频编解码器: 未知, 音频编解码器: 未知
分类: 📡卫视频道, 名称: 广西卫视, 有效: 4, IPv4: 23, IPv6: 0, 最小延迟: 751 ms, 最高速率: 1.34 M/s, 平均速率: 0.68 M/s, 最高分辨率: 1920x1080, 平均帧率: 未知, 视频编解码器: 未知, 音频编解码器: 未知
分类: 📡卫视频道, 名称: 海南卫视, 有效: 1, IPv4: 13, IPv6: 0, 最小延迟: 2469 ms, 最高速率: 0.60 M/s, 平均速率: 0.60 M/s, 最高分辨率: 1920x1080, 平均帧率: 未知, 视频编解码器: 未知, 音频编解码器: 未知
分类: 📡卫视频道, 名称: 河北卫视, 有效: 2, IPv4: 24, IPv6: 0, 最小延迟: 1067 ms, 最高速率: 2.16 M/s, 平均速率: 1.38 M/s, 最高分辨率: 1920x1080, 平均帧率: 31.67, 视频编解码器: h264, 音频编解码器: mp2
分类: 📡卫视频道, 名称: 河南卫视, 有效: 3, IPv4: 33, IPv6: 0, 最小延迟: 385 ms, 最高速率: 5.59 M/s, 平均速率: 4.15 M/s, 最高分辨率: 1920x1080, 平均帧率: 38.75, 视频编解码器: h264, 音频编解码器: aac
分类: 📡卫视频道, 名称: 江苏卫视, 有效: 5, IPv4: 32, IPv6: 0, 最小延迟: 1056 ms, 最高速率: 5.16 M/s, 平均速率: 1.75 M/s, 最高分辨率: 1920x1080, 平均帧率: 未知, 视频编解码器: 未知, 音频编解码器: 未知
分类: 📡卫视频道, 名称: 江西卫视, 有效: 5, IPv4: 32, IPv6: 0, 最小延迟: 40 ms, 最高速率: 130.92 M/s, 平均速率: 28.49 M/s, 最高分辨率: 1920x1080, 平均帧率: 未知, 视频编解码器: 未知, 音频编解码器: 未知
分类: 📡卫视频道, 名称: 辽宁卫视, 有效: 5, IPv4: 31, IPv6: 0, 最小延迟: 269 ms, 最高速率: 8.43 M/s, 平均速率: 5.75 M/s, 最高分辨率: 1920x1080, 平均帧率: 未知, 视频编解码器: 未知, 音频编解码器: 未知
分类: 📡卫视频道, 名称: 吉林卫视, 有效: 1, IPv4: 22, IPv6: 0, 最小延迟: 468 ms, 最高速率: 8.46 M/s, 平均速率: 8.46 M/s, 最高分辨率: 1920x1080, 平均帧率: 37.50, 视频编解码器: h264, 音频编解码器: mp2
分类: 📡卫视频道, 名称: 内蒙古卫视, 有效: 5, IPv4: 15, IPv6: 0, 最小延迟: 41 ms, 最高速率: 127.54 M/s, 平均速率: 37.54 M/s, 最高分辨率: 1920x1080, 平均帧率: 25.00, 视频编解码器: h264, 音频编解码器: aac
分类: 📡卫视频道, 名称: 宁夏卫视, 有效: 3, IPv4: 22, IPv6: 0, 最小延迟: 32 ms, 最高速率: 148.58 M/s, 平均速率: 142.26 M/s, 最高分辨率: 1920x1080, 平均帧率: 25.00, 视频编解码器: h264, 音频编解码器: aac
分类: 📡卫视频道, 名称: 青海卫视, 有效: 4, IPv4: 20, IPv6: 0, 最小延迟: 743 ms, 最高速率: 5.04 M/s, 平均速率: 2.31 M/s, 最高分辨率: 1920x1080, 平均帧率: 未知, 视频编解码器: 未知, 音频编解码器: 未知
分类: 📡卫视频道, 名称: 山东卫视, 有效: 2, IPv4: 22, IPv6: 0, 最小延迟: 561 ms, 最高速率: 8.56 M/s, 平均速率: 5.53 M/s, 最高分辨率: 1920x1080, 平均帧率: 25.00, 视频编解码器: h264, 音频编解码器: mp2
分类: 📡卫视频道, 名称: 山西卫视, 有效: 4, IPv4: 26, IPv6: 0, 最小延迟: 35 ms, 最高速率: 135.53 M/s, 平均速率: 67.04 M/s, 最高分辨率: 1920x1080, 平均帧率: 25.00, 视频编解码器: h264, 音频编解码器: aac
分类: 📡卫视频道, 名称: 陕西卫视, 有效: 4, IPv4: 27, IPv6: 0, 最小延迟: 42 ms, 最高速率: 126.72 M/s, 平均速率: 34.04 M/s, 最高分辨率: 1920x1080, 平均帧率: 53.33, 视频编解码器: h264, 音频编解码器: mp2
分类: 📡卫视频道, 名称: 四川卫视, 有效: 4, IPv4: 34, IPv6: 0, 最小延迟: 38 ms, 最高速率: 135.85 M/s, 平均速率: 70.15 M/s, 最高分辨率: 1920x1080, 平均帧率: 31.25, 视频编解码器: h264, 音频编解码器: aac
分类: 📡卫视频道, 名称: 三沙卫视, 有效: 2, IPv4: 11, IPv6: 0, 最小延迟: 322 ms, 最高速率: 5.41 M/s, 平均速率: 1.47 M/s, 最高分辨率: 1280x720, 平均帧率: 25.00, 视频编解码器: h264, 音频编解码器: mp2
分类: 📡卫视频道, 名称: 深圳卫视, 有效: 4, IPv4: 22, IPv6: 0, 最小延迟: 509 ms, 最高速率: 8.62 M/s, 平均速率: 5.24 M/s, 最高分辨率: 1920x1080, 平均帧率: 50.00, 视频编解码器: h264, 音频编解码器: mp2
分类: 📡卫视频道, 名称: 天津卫视, 有效: 2, IPv4: 21, IPv6: 0, 最小延迟: 1052 ms, 最高速率: 1.26 M/s, 平均速率: 1.12 M/s, 最高分辨率: 1920x1080, 平均帧率: 37.50, 视频编解码器: h264, 音频编解码器: mp2
分类: 📡卫视频道, 名称: 新疆卫视, 有效: 5, IPv4: 18, IPv6: 0, 最小延迟: 39 ms, 最高速率: 138.93 M/s, 平均速率: 41.18 M/s, 最高分辨率: 1920x1080, 平均帧率: 60.00, 视频编解码器: h264, 音频编解码器: aac
分类: 📡卫视频道, 名称: 西藏卫视, 有效: 3, IPv4: 12, IPv6: 0, 最小延迟: 73 ms, 最高速率: 79.17 M/s, 平均速率: 31.73 M/s, 最高分辨率: 1920x1080, 平均帧率: 25.00, 视频编解码器: h264, 音频编解码器: aac
分类: ☘️江苏频道, 名称: 苏州4k, 有效: 1, IPv4: 1, IPv6: 0, 最小延迟: 1283 ms, 最高速率: 0.73 M/s, 平均速率: 0.73 M/s, 最高分辨率: 1920x1080, 平均帧率: 未知, 视频编解码器: 未知, 音频编解码器: 未知
分类: ☘️江苏频道, 名称: 苏州文化生活, 有效: 1, IPv4: 1, IPv6: 0, 最小延迟: 1145 ms, 最高速率: 0.41 M/s, 平均速率: 0.41 M/s, 最高分辨率: 1280x720, 平均帧率: 未知, 视频编解码器: 未知, 音频编解码器: 未知
分类: ☘️江苏频道, 名称: 苏州生活资讯, 有效: 1, IPv4: 1, IPv6: 0, 最小延迟: 787 ms, 最高速率: 0.40 M/s, 平均速率: 0.40 M/s, 最高分辨率: 1280x720, 平均帧率: 未知, 视频编解码器: 未知, 音频编解码器: 未知
分类: ☘️江苏频道, 名称: 苏州社会经济, 有效: 1, IPv4: 1, IPv6: 0, 最小延迟: 1339 ms, 最高速率: 0.99 M/s, 平均速率: 0.99 M/s, 最高分辨率: 1280x720, 平均帧率: 未知, 视频编解码器: 未知, 音频编解码器: 未知
分类: 🏀体育频道, 名称: 纬来体育, 有效: 0, IPv4: 2, IPv6: 0, 最小延迟: -1 ms, 最高速率: 0.00 M/s, 平均速率: 0.00 M/s, 最高分辨率: None, 平均帧率: 未知, 视频编解码器: 未知, 音频编解码器: 未知
分类: 🏀体育频道, 名称: 广东体育, 有效: 3, IPv4: 7, IPv6: 0, 最小延迟: 367 ms, 最高速率: 4.15 M/s, 平均速率: 3.14 M/s, 最高分辨率: 1280x720, 平均帧率: 25.00, 视频编解码器: h264, 音频编解码器: aac
分类: 🏀体育频道, 名称: 劲爆体育, 有效: 0, IPv4: 2, IPv6: 0, 最小延迟: -1 ms, 最高速率: 0.00 M/s, 平均速率: 0.00 M/s, 最高分辨率: None, 平均帧率: 未知, 视频编解码器: 未知, 音频编解码器: 未知
分类: 🏀体育频道, 名称: 超级体育, 有效: 0, IPv4: 1, IPv6: 0, 最小延迟: -1 ms, 最高速率: 0.00 M/s, 平均速率: 0.00 M/s, 最高分辨率: None, 平均帧率: 未知, 视频编解码器: 未知, 音频编解码器: 未知
分类: 🏀体育频道, 名称: 福建体育, 有效: 0, IPv4: 1, IPv6: 0, 最小延迟: -1 ms, 最高速率: 0.00 M/s, 平均速率: 0.00 M/s, 最高分辨率: None, 平均帧率: 未知, 视频编解码器: 未知, 音频编解码器: 未知
分类: 🏀体育频道, 名称: 五星体育, 有效: 0, IPv4: 5, IPv6: 0, 最小延迟: 1113 ms, 最高速率: 0.13 M/s, 平均速率: 0.00 M/s, 最高分辨率: 1920x1080, 平均帧率: 25.00, 视频编解码器: h264, 音频编解码器: mp2
分类: 🏀体育频道, 名称: 精品体育, 有效: 0, IPv4: 1, IPv6: 0, 最小延迟: -1 ms, 最高速率: 0.00 M/s, 平均速率: 0.00 M/s, 最高分辨率: None, 平均帧率: 未知, 视频编解码器: 未知, 音频编解码器: 未知
分类: 📡卫视频道, 名称: 云南卫视, 有效: 4, IPv4: 22, IPv6: 0, 最小延迟: 296 ms, 最高速率: 2.57 M/s, 平均速率: 1.85 M/s, 最高分辨率: 1920x1080, 平均帧率: 50.00, 视频编解码器: h264, 音频编解码器: mp2
分类: 🏀体育频道, 名称: 天津体育, 有效: 2, IPv4: 3, IPv6: 0, 最小延迟: 415 ms, 最高速率: 5.39 M/s, 平均速率: 4.64 M/s, 最高分辨率: 1280x720, 平均帧率: 未知, 视频编解码器: 未知, 音频编解码器: 未知
分类: 🏀体育频道, 名称: 安徽综艺体育, 有效: 0, IPv4: 1, IPv6: 0, 最小延迟: -1 ms, 最高速率: 0.00 M/s, 平均速率: 0.00 M/s, 最高分辨率: None, 平均帧率: 未知, 视频编解码器: 未知, 音频编解码器: 未知
分类: 🏀体育频道, 名称: 睛彩篮球, 有效: 0, IPv4: 2, IPv6: 0, 最小延迟: -1 ms, 最高速率: 0.00 M/s, 平均速率: 0.00 M/s, 最高分辨率: None, 平均帧率: 未知, 视频编解码器: 未知, 音频编解码器: 未知
分类: 🏀体育频道, 名称: 睛彩广场舞, 有效: 0, IPv4: 3, IPv6: 0, 最小延迟: -1 ms, 最高速率: 0.00 M/s, 平均速率: 0.00 M/s, 最高分辨率: None, 平均帧率: 未知, 视频编解码器: 未知, 音频编解码器: 未知
分类: 🏀体育频道, 名称: 魅力足球, 有效: 0, IPv4: 1, IPv6: 0, 最小延迟: -1 ms, 最高速率: 0.00 M/s, 平均速率: 0.00 M/s, 最高分辨率: None, 平均帧率: 未知, 视频编解码器: 未知, 音频编解码器: 未知
分类: 🏀体育频道, 名称: 广州竞赛, 有效: 0, IPv4: 1, IPv6: 0, 最小延迟: 10181 ms, 最高速率: 0.02 M/s, 平均速率: 0.00 M/s, 最高分辨率: 1280x720, 平均帧率: 未知, 视频编解码器: 未知, 音频编解码器: 未知
分类: 🏀体育频道, 名称: 天元围棋, 有效: 1, IPv4: 1, IPv6: 0, 最小延迟: 1024 ms, 最高速率: 0.61 M/s, 平均速率: 0.61 M/s, 最高分辨率: 1920x1080, 平均帧率: 25.00, 视频编解码器: h264, 音频编解码器: aac
分类: 🏀体育频道, 名称: 快乐垂钓, 有效: 0, IPv4: 7, IPv6: 0, 最小延迟: -1 ms, 最高速率: 0.00 M/s, 平均速率: 0.00 M/s, 最高分辨率: None, 平均帧率: 未知, 视频编解码器: 未知, 音频编解码器: 未知
分类: 🏀体育频道, 名称: 辽宁体育, 有效: 0, IPv4: 1, IPv6: 0, 最小延迟: 10709 ms, 最高速率: 0.06 M/s, 平均速率: 0.00 M/s, 最高分辨率: 1920x1080, 平均帧率: 25.00, 视频编解码器: h264, 音频编解码器: aac
分类: 🏀体育频道, 名称: JJ斗地主, 有效: 0, IPv4: 6, IPv6: 0, 最小延迟: -1 ms, 最高速率: 0.00 M/s, 平均速率: 0.00 M/s, 最高分辨率: None, 平均帧率: 未知, 视频编解码器: 未知, 音频编解码器: 未知
分类: 🪁动画频道, 名称: 少儿动画, 有效: 0, IPv4: 10, IPv6: 0, 最小延迟: -1 ms, 最高速率: 0.00 M/s, 平均速率: 0.00 M/s, 最高分辨率: None, 平均帧率: 未知, 视频编解码器: 未知, 音频编解码器: 未知
分类: 🪁动画频道, 名称: 动漫秀场, 有效: 0, IPv4: 3, IPv6: 0, 最小延迟: -1 ms, 最高速率: 0.00 M/s, 平均速率: 0.00 M/s, 最高分辨率: None, 平均帧率: 未知, 视频编解码器: 未知, 音频编解码器: 未知
分类: 🪁动画频道, 名称: 新动漫, 有效: 0, IPv4: 2, IPv6: 0, 最小延迟: -1 ms, 最高速率: 0.00 M/s, 平均速率: 0.00 M/s, 最高分辨率: None, 平均帧率: 未知, 视频编解码器: 未知, 音频编解码器: 未知
分类: 🪁动画频道, 名称: 爱动漫, 有效: 0, IPv4: 1, IPv6: 0, 最小延迟: -1 ms, 最高速率: 0.00 M/s, 平均速率: 0.00 M/s, 最高分辨率: None, 平均帧率: 未知, 视频编解码器: 未知, 音频编解码器: 未知
分类: 🪁动画频道, 名称: 卡酷动画, 有效: 0, IPv4: 7, IPv6: 0, 最小延迟: -1 ms, 最高速率: 0.00 M/s, 平均速率: 0.00 M/s, 最高分辨率: None, 平均帧率: 未知, 视频编解码器: 未知, 音频编解码器: 未知
分类: 🏀体育频道, 名称: 山东体育, 有效: 0, IPv4: 3, IPv6: 0, 最小延迟: 10176 ms, 最高速率: 0.04 M/s, 平均速率: 0.00 M/s, 最高分辨率: None, 平均帧率: 未知, 视频编解码器: 未知, 音频编解码器: 未知
分类: 🪁动画频道, 名称: 优漫卡通, 有效: 0, IPv4: 3, IPv6: 0, 最小延迟: -1 ms, 最高速率: 0.00 M/s, 平均速率: 0.00 M/s, 最高分辨率: None, 平均帧率: 未知, 视频编解码器: 未知, 音频编解码器: 未知
分类: 🪁动画频道, 名称: 黑莓动画, 有效: 0, IPv4: 1, IPv6: 0, 最小延迟: -1 ms, 最高速率: 0.00 M/s, 平均速率: 0.00 M/s, 最高分辨率: None, 平均帧率: 未知, 视频编解码器: 未知, 音频编解码器: 未知
分类: 🪁动画频道, 名称: 金鹰卡通, 有效: 0, IPv4: 16, IPv6: 0, 最小延迟: -1 ms, 最高速率: 0.00 M/s, 平均速率: 0.00 M/s, 最高分辨率: None, 平均帧率: 未知, 视频编解码器: 未知, 音频编解码器: 未知
分类: 🪁动画频道, 名称: 炫动卡通, 有效: 1, IPv4: 6, IPv6: 0, 最小延迟: 1478 ms, 最高速率: 0.94 M/s, 平均速率: 0.94 M/s, 最高分辨率: 1920x1080, 平均帧率: 未知, 视频编解码器: 未知, 音频编解码器: 未知
分类: 🪁动画频道, 名称: 七龙珠, 有效: 0, IPv4: 2, IPv6: 0, 最小延迟: -1 ms, 最高速率: 0.00 M/s, 平均速率: 0.00 M/s, 最高分辨率: None, 平均帧率: 未知, 视频编解码器: 未知, 音频编解码器: 未知
分类: 🪁动画频道, 名称: 火影忍者, 有效: 0, IPv4: 1, IPv6: 0, 最小延迟: -1 ms, 最高速率: 0.00 M/s, 平均速率: 0.00 M/s, 最高分辨率: None, 平均帧率: 未知, 视频编解码器: 未知, 音频编解码器: 未知
分类: 🪁动画频道, 名称: 浙江少儿, 有效: 0, IPv4: 4, IPv6: 0, 最小延迟: 1090 ms, 最高速率: 0.35 M/s, 平均速率: 0.00 M/s, 最高分辨率: 1920x1080, 平均帧率: 25.00, 视频编解码器: h264, 音频编解码器: aac
